<html>
<body>
<pre>
<h1>µVision Build Log</h1>
<h2>Tool Versions:</h2>
IDE-Version: ¦ÌVision V5.38.0.0
Copyright (C) 2022 ARM Ltd and ARM Germany GmbH. All rights reserved.
License Information: Shen Huichang Shen, hust, LIC=LSNXV-PC5M8-2ZEW4-FZDV2-NR07Z-7YXWF
 
Tool Versions:
Toolchain:       MDK-ARM Plus  Version: 5.38.0.0
Toolchain Path:  D:\work\environment\STM32\Keil_v5\ARM\ARMCC\Bin
C Compiler:      Armcc.exe V5.06 update 7 (build 960)
Assembler:       Armasm.exe V5.06 update 7 (build 960)
Linker/Locator:  ArmLink.exe V5.06 update 7 (build 960)
Library Manager: ArmAr.exe V5.06 update 7 (build 960)
Hex Converter:   FromElf.exe V5.06 update 7 (build 960)
CPU DLL:         SARMCM3.DLL V5.38.0.0
Dialog DLL:      DCM.DLL V1.17.5.0
Target DLL:      STLink\ST-LINKIII-KEIL_SWO.dll V3.1.0.0
Dialog DLL:      TCM.DLL V1.56.4.0
 
<h2>Project:</h2>
D:\work\CodeSpace\STM32\IWDG\Projects\MDK-ARM\shc_f103.uvprojx
Project File Date:  12/21/2023

<h2>Output:</h2>
*** Using Compiler 'V5.06 update 7 (build 960)', folder: 'D:\work\environment\STM32\Keil_v5\ARM\ARMCC\Bin'
Build target 'LED'
compiling main.c...
..\..\Drivers\BSP\LED\led.h(50): warning:  #1-D: last line of file ends without a newline
  #endif
..\..\Drivers\BSP\KEY\key.h(27): warning:  #1-D: last line of file ends without a newline
  #endif
..\..\Drivers\BSP\WDG\wdg.h(22): warning:  #1-D: last line of file ends without a newline
  #endif
..\..\Users\main.c(44): warning:  #1-D: last line of file ends without a newline
  }
..\..\Users\main.c: 4 warnings, 0 errors
linking...
Program Size: Code=6192 RO-data=360 RW-data=28 ZI-data=1908  
FromELF: creating hex file...
"..\..\Output\shc_f103.axf" - 0 Error(s), 4 Warning(s).

<h2>Software Packages used:</h2>

Package Vendor: Keil
                http://www.keil.com/pack/Keil.STM32F1xx_DFP.2.2.0.pack
                Keil.STM32F1xx_DFP.2.2.0
                STMicroelectronics STM32F1 Series Device Support, Drivers and Examples

<h2>Collection of Component include folders:</h2>
  D:/work/environment/STM32/Keil_v5/ARM/Packs/Keil/STM32F1xx_DFP/2.2.0/Device/Include

<h2>Collection of Component Files used:</h2>
Build Time Elapsed:  00:00:01
</pre>
</body>
</html>
